// Jest Snapshot v1, https://goo.gl/fbAQLP

exports[`BoxCard should render 1`] = `
<View
  style={
    Object {
      "maxWidth": "50%",
    }
  }
>
  <Text
    style={
      Object {
        "color": "#909BA0",
        "fontFamily": "SFProDisplay-Bold",
        "fontSize": 14,
        "lineHeight": 24,
      }
    }
  >
    CARD NUMBER
  </Text>
  <View
    style={
      Object {
        "flexDirection": "row",
        "justifyContent": "space-between",
      }
    }
  >
    <Text
      numberOfLines={1}
      style={
        Object {
          "color": "#262C2F",
          "fontFamily": "SFProDisplay-Bold",
          "fontSize": 14,
          "lineHeight": 32,
        }
      }
    >
      LLC3 3GB9 FAR4 UHK
    </Text>
    <View
      style={
        Object {
          "width": 60,
        }
      }
    />
  </View>
</View>
`;
