// Jest Snapshot v1, https://goo.gl/fbAQLP

exports[`ClaimYourRewards should render 1`] = `
<View
  accessibilityLabel="earn-main-claim-your-rewards-container"
  accessible={true}
  style={
    Object {
      "paddingBottom": 4,
      "paddingHorizontal": 16,
    }
  }
  testID="earn-main-claim-your-rewards-container"
>
  <View
    accessibilityLabel="earn-main-claim-your-rewards-header"
    accessible={true}
    style={
      Object {
        "justifyContent": "space-between",
        "paddingBottom": 16,
      }
    }
    testID="earn-main-claim-your-rewards-header"
  >
    <Text
      ellipsizeMode="tail"
      numberOfLines={1}
      style={
        Array [
          Object {
            "color": "#262C2F",
            "fontFamily": "SFProDisplay-Bold",
            "fontSize": 16,
            "lineHeight": 24,
          },
          undefined,
        ]
      }
      type="sectionHeader"
    >
      Claim your Rewards!
    </Text>
  </View>
  <RCTScrollView
    ItemSeparatorComponent={[Function]}
    collapsable={false}
    contentContainerStyle={
      Array [
        Object {
          "alignItems": "center",
        },
        Object {
          "paddingHorizontal": 16,
        },
      ]
    }
    data={
      Array [
        Object {
          "backgroundImage": Object {
            "testUri": "../../../src/assets/shared/claimGetGiftCards.png",
          },
          "children": <Memo(ButtonCTA)
            icon="rewards-gift-cards"
            title="Get Gift Cards"
          />,
          "description": "Discover all your favorite brands",
          "onPress": [Function],
          "title": "Get your Gift Cards!",
        },
        Object {
          "backgroundImage": Object {
            "testUri": "../../../src/assets/shared/claimSYW.png",
          },
          "children": <Memo(ButtonCTA)
            icon="arrow-right"
            title="Let's go!"
          />,
          "description": "Redeem or earn points on Shop Your Way!",
          "onPress": [Function],
          "title": "Redeem on SYW",
        },
        Object {
          "backgroundImage": Object {
            "testUri": "../../../src/assets/shared/claimSears.png",
          },
          "children": <Memo(ButtonCTA)
            icon="arrow-right"
            theme={1}
            title="Let's go!"
          />,
          "description": "Redeem on Marketplace partner products!",
          "onPress": [Function],
          "theme": 1,
          "title": "Redeem at Sears",
        },
        Object {
          "backgroundImage": Object {
            "testUri": "../../../src/assets/shared/claimKmart.png",
          },
          "children": <Memo(ButtonCTA)
            icon="arrow-right"
            theme={1}
            title="Let's go!"
          />,
          "description": "Redeem or earn points at Kmart!",
          "onPress": [Function],
          "theme": 1,
          "title": "Redeem at Kmart",
        },
      ]
    }
    decelerationRate={0}
    getItem={[Function]}
    getItemCount={[Function]}
    horizontal={true}
    keyExtractor={[Function]}
    onContentSizeChange={[Function]}
    onLayout={[Function]}
    onMomentumScrollBegin={[Function]}
    onMomentumScrollEnd={[Function]}
    onScroll={[Function]}
    onScrollBeginDrag={[Function]}
    onScrollEndDrag={[Function]}
    removeClippedSubviews={false}
    renderItem={[Function]}
    scrollEventThrottle={0.0001}
    showsHorizontalScrollIndicator={false}
    snapToInterval={347}
    stickyHeaderIndices={Array []}
    style={
      Object {
        "marginHorizontal": -16,
        "paddingBottom": 0,
      }
    }
    viewabilityConfigCallbackPairs={Array []}
  >
    <View>
      <View
        onLayout={[Function]}
        style={
          Array [
            Object {
              "flexDirection": "row",
            },
            null,
          ]
        }
      >
        <View
          style={
            Array [
              Object {
                "alignItems": "center",
              },
              Object {
                "width": 335,
              },
            ]
          }
        >
          <View
            accessibilityLabel="large-content-card-container"
            accessible={true}
            focusable={true}
            onClick={[Function]}
            onResponderGrant={[Function]}
            onResponderMove={[Function]}
            onResponderRelease={[Function]}
            onResponderTerminate={[Function]}
            onResponderTerminationRequest={[Function]}
            onStartShouldSetResponder={[Function]}
            style={
              Array [
                Object {
                  "backgroundColor": "transparent",
                  "elevation": 3,
                  "shadowColor": "#262C2F",
                  "shadowOffset": Object {
                    "height": 4,
                    "width": 0,
                  },
                  "shadowOpacity": 0.1,
                },
                Object {
                  "width": "100%",
                },
              ]
            }
            testID="large-content-card-container"
          >
            <View>
              <Image
                resizeMode="cover"
                source={
                  Object {
                    "testUri": "../../../src/assets/shared/claimGetGiftCards.png",
                  }
                }
                style={
                  Array [
                    Object {
                      "borderBottomLeftRadius": 8,
                      "borderBottomRightRadius": 8,
                      "borderTopLeftRadius": 8,
                      "borderTopRightRadius": 8,
                      "height": "100%",
                      "width": "100%",
                    },
                    Object {
                      "bottom": 0,
                      "left": 0,
                      "position": "absolute",
                      "right": 0,
                      "top": 0,
                    },
                  ]
                }
              />
              <View
                style={
                  Object {
                    "paddingBottom": 16,
                    "paddingLeft": 16,
                    "paddingRight": 16,
                    "paddingTop": 20,
                    "width": "60%",
                  }
                }
              >
                <Text
                  accessibilityLabel="large-content-card-title"
                  accessible={true}
                  style={
                    Array [
                      Object {
                        "color": "#909BA0",
                        "fontFamily": "SFProDisplay-Medium",
                        "fontSize": 16,
                        "lineHeight": 22,
                      },
                      Array [
                        Object {
                          "fontFamily": "SFProDisplay-Bold",
                          "fontSize": 18,
                          "lineHeight": 24,
                          "marginBottom": 4,
                        },
                        Object {
                          "color": "#FFFFFF",
                        },
                      ],
                    ]
                  }
                  testID="large-content-card-title"
                >
                  Get your Gift Cards!
                </Text>
                <Text
                  accessibilityLabel="large-content-card-subtitle"
                  accessible={true}
                  numberOfLines={2}
                  style={
                    Array [
                      Object {
                        "color": "#909BA0",
                        "fontFamily": "SFProDisplay-Medium",
                        "fontSize": 16,
                        "lineHeight": 22,
                      },
                      Array [
                        Object {
                          "fontFamily": "SFProDisplay-SemiBold",
                          "fontSize": 14,
                          "lineHeight": 20,
                          "marginBottom": 12,
                        },
                        Object {
                          "color": "#FFFFFF",
                        },
                      ],
                    ]
                  }
                  testID="large-content-card-subtitle"
                >
                  Discover all your favorite brands
                </Text>
                <View
                  accessibilityLabel="button-cta-container"
                  accessible={true}
                  style={
                    Array [
                      Object {
                        "alignItems": "center",
                        "borderBottomLeftRadius": 30,
                        "borderBottomRightRadius": 30,
                        "borderTopLeftRadius": 30,
                        "borderTopRightRadius": 30,
                        "flexDirection": "row",
                        "marginRight": "auto",
                        "paddingBottom": 4,
                        "paddingLeft": 12,
                        "paddingRight": 12,
                        "paddingTop": 4,
                      },
                      Object {
                        "backgroundColor": "#FFFFFF",
                      },
                    ]
                  }
                  testID="button-cta-container"
                >
                  <Text
                    accessibilityLabel="button-cta-title"
                    accessible={true}
                    style={
                      Array [
                        Object {
                          "fontFamily": "SFProDisplay-Bold",
                          "fontSize": 14,
                          "lineHeight": 20,
                          "marginRight": 8,
                        },
                        Object {
                          "color": "#0066CC",
                        },
                      ]
                    }
                    testID="button-cta-title"
                  >
                    Get Gift Cards
                  </Text>
                  <Text
                    accessibilityLabel="icon-text"
                    accessible={true}
                    allowFontScaling={false}
                    selectable={false}
                    style={
                      Array [
                        Object {
                          "color": "#0066CC",
                          "fontSize": 16,
                        },
                        undefined,
                        Object {
                          "fontFamily": "sywmax",
                          "fontStyle": "normal",
                          "fontWeight": "normal",
                        },
                        Object {},
                      ]
                    }
                    testID="icon-text"
                  >
                    
                  </Text>
                </View>
              </View>
            </View>
          </View>
        </View>
        <View
          style={
            Object {
              "minHeight": 1,
              "width": 12,
            }
          }
        />
      </View>
      <View
        onLayout={[Function]}
        style={
          Array [
            Object {
              "flexDirection": "row",
            },
            null,
          ]
        }
      >
        <View
          style={
            Array [
              Object {
                "alignItems": "center",
              },
              Object {
                "width": 335,
              },
            ]
          }
        >
          <View
            accessibilityLabel="large-content-card-container"
            accessible={true}
            focusable={true}
            onClick={[Function]}
            onResponderGrant={[Function]}
            onResponderMove={[Function]}
            onResponderRelease={[Function]}
            onResponderTerminate={[Function]}
            onResponderTerminationRequest={[Function]}
            onStartShouldSetResponder={[Function]}
            style={
              Array [
                Object {
                  "backgroundColor": "transparent",
                  "elevation": 3,
                  "shadowColor": "#262C2F",
                  "shadowOffset": Object {
                    "height": 4,
                    "width": 0,
                  },
                  "shadowOpacity": 0.1,
                },
                Object {
                  "width": "100%",
                },
              ]
            }
            testID="large-content-card-container"
          >
            <View>
              <Image
                resizeMode="cover"
                source={
                  Object {
                    "testUri": "../../../src/assets/shared/claimSYW.png",
                  }
                }
                style={
                  Array [
                    Object {
                      "borderBottomLeftRadius": 8,
                      "borderBottomRightRadius": 8,
                      "borderTopLeftRadius": 8,
                      "borderTopRightRadius": 8,
                      "height": "100%",
                      "width": "100%",
                    },
                    Object {
                      "bottom": 0,
                      "left": 0,
                      "position": "absolute",
                      "right": 0,
                      "top": 0,
                    },
                  ]
                }
              />
              <View
                style={
                  Object {
                    "paddingBottom": 16,
                    "paddingLeft": 16,
                    "paddingRight": 16,
                    "paddingTop": 20,
                    "width": "60%",
                  }
                }
              >
                <Text
                  accessibilityLabel="large-content-card-title"
                  accessible={true}
                  style={
                    Array [
                      Object {
                        "color": "#909BA0",
                        "fontFamily": "SFProDisplay-Medium",
                        "fontSize": 16,
                        "lineHeight": 22,
                      },
                      Array [
                        Object {
                          "fontFamily": "SFProDisplay-Bold",
                          "fontSize": 18,
                          "lineHeight": 24,
                          "marginBottom": 4,
                        },
                        Object {
                          "color": "#FFFFFF",
                        },
                      ],
                    ]
                  }
                  testID="large-content-card-title"
                >
                  Redeem on SYW
                </Text>
                <Text
                  accessibilityLabel="large-content-card-subtitle"
                  accessible={true}
                  numberOfLines={2}
                  style={
                    Array [
                      Object {
                        "color": "#909BA0",
                        "fontFamily": "SFProDisplay-Medium",
                        "fontSize": 16,
                        "lineHeight": 22,
                      },
                      Array [
                        Object {
                          "fontFamily": "SFProDisplay-SemiBold",
                          "fontSize": 14,
                          "lineHeight": 20,
                          "marginBottom": 12,
                        },
                        Object {
                          "color": "#FFFFFF",
                        },
                      ],
                    ]
                  }
                  testID="large-content-card-subtitle"
                >
                  Redeem or earn points on Shop Your Way!
                </Text>
                <View
                  accessibilityLabel="button-cta-container"
                  accessible={true}
                  style={
                    Array [
                      Object {
                        "alignItems": "center",
                        "borderBottomLeftRadius": 30,
                        "borderBottomRightRadius": 30,
                        "borderTopLeftRadius": 30,
                        "borderTopRightRadius": 30,
                        "flexDirection": "row",
                        "marginRight": "auto",
                        "paddingBottom": 4,
                        "paddingLeft": 12,
                        "paddingRight": 12,
                        "paddingTop": 4,
                      },
                      Object {
                        "backgroundColor": "#FFFFFF",
                      },
                    ]
                  }
                  testID="button-cta-container"
                >
                  <Text
                    accessibilityLabel="button-cta-title"
                    accessible={true}
                    style={
                      Array [
                        Object {
                          "fontFamily": "SFProDisplay-Bold",
                          "fontSize": 14,
                          "lineHeight": 20,
                          "marginRight": 8,
                        },
                        Object {
                          "color": "#0066CC",
                        },
                      ]
                    }
                    testID="button-cta-title"
                  >
                    Let's go!
                  </Text>
                  <Text
                    accessibilityLabel="icon-text"
                    accessible={true}
                    allowFontScaling={false}
                    selectable={false}
                    style={
                      Array [
                        Object {
                          "color": "#0066CC",
                          "fontSize": 16,
                        },
                        undefined,
                        Object {
                          "fontFamily": "sywmax",
                          "fontStyle": "normal",
                          "fontWeight": "normal",
                        },
                        Object {},
                      ]
                    }
                    testID="icon-text"
                  >
                    
                  </Text>
                </View>
              </View>
            </View>
          </View>
        </View>
        <View
          style={
            Object {
              "minHeight": 1,
              "width": 12,
            }
          }
        />
      </View>
      <View
        onLayout={[Function]}
        style={
          Array [
            Object {
              "flexDirection": "row",
            },
            null,
          ]
        }
      >
        <View
          style={
            Array [
              Object {
                "alignItems": "center",
              },
              Object {
                "width": 335,
              },
            ]
          }
        >
          <View
            accessibilityLabel="large-content-card-container"
            accessible={true}
            focusable={true}
            onClick={[Function]}
            onResponderGrant={[Function]}
            onResponderMove={[Function]}
            onResponderRelease={[Function]}
            onResponderTerminate={[Function]}
            onResponderTerminationRequest={[Function]}
            onStartShouldSetResponder={[Function]}
            style={
              Array [
                Object {
                  "backgroundColor": "transparent",
                  "elevation": 3,
                  "shadowColor": "#262C2F",
                  "shadowOffset": Object {
                    "height": 4,
                    "width": 0,
                  },
                  "shadowOpacity": 0.1,
                },
                Object {
                  "width": "100%",
                },
              ]
            }
            testID="large-content-card-container"
          >
            <View>
              <Image
                resizeMode="cover"
                source={
                  Object {
                    "testUri": "../../../src/assets/shared/claimSears.png",
                  }
                }
                style={
                  Array [
                    Object {
                      "borderBottomLeftRadius": 8,
                      "borderBottomRightRadius": 8,
                      "borderTopLeftRadius": 8,
                      "borderTopRightRadius": 8,
                      "height": "100%",
                      "width": "100%",
                    },
                    Object {
                      "bottom": 0,
                      "left": 0,
                      "position": "absolute",
                      "right": 0,
                      "top": 0,
                    },
                  ]
                }
              />
              <View
                style={
                  Object {
                    "paddingBottom": 16,
                    "paddingLeft": 16,
                    "paddingRight": 16,
                    "paddingTop": 20,
                    "width": "60%",
                  }
                }
              >
                <Text
                  accessibilityLabel="large-content-card-title"
                  accessible={true}
                  style={
                    Array [
                      Object {
                        "color": "#909BA0",
                        "fontFamily": "SFProDisplay-Medium",
                        "fontSize": 16,
                        "lineHeight": 22,
                      },
                      Array [
                        Object {
                          "fontFamily": "SFProDisplay-Bold",
                          "fontSize": 18,
                          "lineHeight": 24,
                          "marginBottom": 4,
                        },
                        Object {
                          "color": "#262C2F",
                        },
                      ],
                    ]
                  }
                  testID="large-content-card-title"
                >
                  Redeem at Sears
                </Text>
                <Text
                  accessibilityLabel="large-content-card-subtitle"
                  accessible={true}
                  numberOfLines={2}
                  style={
                    Array [
                      Object {
                        "color": "#909BA0",
                        "fontFamily": "SFProDisplay-Medium",
                        "fontSize": 16,
                        "lineHeight": 22,
                      },
                      Array [
                        Object {
                          "fontFamily": "SFProDisplay-SemiBold",
                          "fontSize": 14,
                          "lineHeight": 20,
                          "marginBottom": 12,
                        },
                        Object {
                          "color": "#262C2F",
                        },
                      ],
                    ]
                  }
                  testID="large-content-card-subtitle"
                >
                  Redeem on Marketplace partner products!
                </Text>
                <View
                  accessibilityLabel="button-cta-container"
                  accessible={true}
                  style={
                    Array [
                      Object {
                        "alignItems": "center",
                        "borderBottomLeftRadius": 30,
                        "borderBottomRightRadius": 30,
                        "borderTopLeftRadius": 30,
                        "borderTopRightRadius": 30,
                        "flexDirection": "row",
                        "marginRight": "auto",
                        "paddingBottom": 4,
                        "paddingLeft": 12,
                        "paddingRight": 12,
                        "paddingTop": 4,
                      },
                      Object {
                        "backgroundColor": "#0066CC",
                      },
                    ]
                  }
                  testID="button-cta-container"
                >
                  <Text
                    accessibilityLabel="button-cta-title"
                    accessible={true}
                    style={
                      Array [
                        Object {
                          "fontFamily": "SFProDisplay-Bold",
                          "fontSize": 14,
                          "lineHeight": 20,
                          "marginRight": 8,
                        },
                        Object {
                          "color": "#FFFFFF",
                        },
                      ]
                    }
                    testID="button-cta-title"
                  >
                    Let's go!
                  </Text>
                  <Text
                    accessibilityLabel="icon-text"
                    accessible={true}
                    allowFontScaling={false}
                    selectable={false}
                    style={
                      Array [
                        Object {
                          "color": "#FFFFFF",
                          "fontSize": 16,
                        },
                        undefined,
                        Object {
                          "fontFamily": "sywmax",
                          "fontStyle": "normal",
                          "fontWeight": "normal",
                        },
                        Object {},
                      ]
                    }
                    testID="icon-text"
                  >
                    
                  </Text>
                </View>
              </View>
            </View>
          </View>
        </View>
        <View
          style={
            Object {
              "minHeight": 1,
              "width": 12,
            }
          }
        />
      </View>
      <View
        onLayout={[Function]}
        style={
          Array [
            Object {
              "flexDirection": "row",
            },
            null,
          ]
        }
      >
        <View
          style={
            Array [
              Object {
                "alignItems": "center",
              },
              Object {
                "width": 335,
              },
            ]
          }
        >
          <View
            accessibilityLabel="large-content-card-container"
            accessible={true}
            focusable={true}
            onClick={[Function]}
            onResponderGrant={[Function]}
            onResponderMove={[Function]}
            onResponderRelease={[Function]}
            onResponderTerminate={[Function]}
            onResponderTerminationRequest={[Function]}
            onStartShouldSetResponder={[Function]}
            style={
              Array [
                Object {
                  "backgroundColor": "transparent",
                  "elevation": 3,
                  "shadowColor": "#262C2F",
                  "shadowOffset": Object {
                    "height": 4,
                    "width": 0,
                  },
                  "shadowOpacity": 0.1,
                },
                Object {
                  "width": "100%",
                },
              ]
            }
            testID="large-content-card-container"
          >
            <View>
              <Image
                resizeMode="cover"
                source={
                  Object {
                    "testUri": "../../../src/assets/shared/claimKmart.png",
                  }
                }
                style={
                  Array [
                    Object {
                      "borderBottomLeftRadius": 8,
                      "borderBottomRightRadius": 8,
                      "borderTopLeftRadius": 8,
                      "borderTopRightRadius": 8,
                      "height": "100%",
                      "width": "100%",
                    },
                    Object {
                      "bottom": 0,
                      "left": 0,
                      "position": "absolute",
                      "right": 0,
                      "top": 0,
                    },
                  ]
                }
              />
              <View
                style={
                  Object {
                    "paddingBottom": 16,
                    "paddingLeft": 16,
                    "paddingRight": 16,
                    "paddingTop": 20,
                    "width": "60%",
                  }
                }
              >
                <Text
                  accessibilityLabel="large-content-card-title"
                  accessible={true}
                  style={
                    Array [
                      Object {
                        "color": "#909BA0",
                        "fontFamily": "SFProDisplay-Medium",
                        "fontSize": 16,
                        "lineHeight": 22,
                      },
                      Array [
                        Object {
                          "fontFamily": "SFProDisplay-Bold",
                          "fontSize": 18,
                          "lineHeight": 24,
                          "marginBottom": 4,
                        },
                        Object {
                          "color": "#262C2F",
                        },
                      ],
                    ]
                  }
                  testID="large-content-card-title"
                >
                  Redeem at Kmart
                </Text>
                <Text
                  accessibilityLabel="large-content-card-subtitle"
                  accessible={true}
                  numberOfLines={2}
                  style={
                    Array [
                      Object {
                        "color": "#909BA0",
                        "fontFamily": "SFProDisplay-Medium",
                        "fontSize": 16,
                        "lineHeight": 22,
                      },
                      Array [
                        Object {
                          "fontFamily": "SFProDisplay-SemiBold",
                          "fontSize": 14,
                          "lineHeight": 20,
                          "marginBottom": 12,
                        },
                        Object {
                          "color": "#262C2F",
                        },
                      ],
                    ]
                  }
                  testID="large-content-card-subtitle"
                >
                  Redeem or earn points at Kmart!
                </Text>
                <View
                  accessibilityLabel="button-cta-container"
                  accessible={true}
                  style={
                    Array [
                      Object {
                        "alignItems": "center",
                        "borderBottomLeftRadius": 30,
                        "borderBottomRightRadius": 30,
                        "borderTopLeftRadius": 30,
                        "borderTopRightRadius": 30,
                        "flexDirection": "row",
                        "marginRight": "auto",
                        "paddingBottom": 4,
                        "paddingLeft": 12,
                        "paddingRight": 12,
                        "paddingTop": 4,
                      },
                      Object {
                        "backgroundColor": "#0066CC",
                      },
                    ]
                  }
                  testID="button-cta-container"
                >
                  <Text
                    accessibilityLabel="button-cta-title"
                    accessible={true}
                    style={
                      Array [
                        Object {
                          "fontFamily": "SFProDisplay-Bold",
                          "fontSize": 14,
                          "lineHeight": 20,
                          "marginRight": 8,
                        },
                        Object {
                          "color": "#FFFFFF",
                        },
                      ]
                    }
                    testID="button-cta-title"
                  >
                    Let's go!
                  </Text>
                  <Text
                    accessibilityLabel="icon-text"
                    accessible={true}
                    allowFontScaling={false}
                    selectable={false}
                    style={
                      Array [
                        Object {
                          "color": "#FFFFFF",
                          "fontSize": 16,
                        },
                        undefined,
                        Object {
                          "fontFamily": "sywmax",
                          "fontStyle": "normal",
                          "fontWeight": "normal",
                        },
                        Object {},
                      ]
                    }
                    testID="icon-text"
                  >
                    
                  </Text>
                </View>
              </View>
            </View>
          </View>
        </View>
      </View>
    </View>
  </RCTScrollView>
</View>
`;
